VerifyTuple is only to be used on methods that return a tuple.