{
  $type: 'ObjectApproverTests.Person',
  GivenNames: 'John',
  FamilyName: 'Smith',
  Spouse: 'Jill',
  Address: {
    $type: 'ObjectApproverTests.Address',
    Street: '1 Puddle Lane',
    Country: 'USA'
  },
  Children: {
    $type: 'List<string>',
    $values: [
      'Sam',
      'Mary'
    ]
  },
  Dob: DateTime_1,
  Id: Guid_1
}