{
  Message: 'Exception of type \'System.Exception\' was thrown.',
  Data: {},
  Source: 'Tests'
}