{
  "Guid": "Guid 1",
  "GuidNullable": "Guid 1",
  "GuidString": "Guid 1"
}