{
  DelegateProperty: {
    Type: 'Action',
    Target: 'ObjectApproverTests.WithDelegate.<>c',
    Method: 'Void <get_DelegateProperty>b__1_0()'
  }
}