{
  "Guid": "Guid 1",
  "GuidNullable": "Guid 2",
  "GuidString": "Guid 3"
}