{
  GivenNames: 'John',
  FamilyName: 'Smith',
  Spouse: 'Jill',
  Address: {
    Street: '1 Puddle Street',
    Country: 'USA'
  },
  Children: [
    'Sam',
    'Mary'
  ],
  Dob: '9999-12-31T23:59:59.9999999+11:00',
  Id: 'ebced679-45d3-4653-8791-3d969c4a986c',
  Dead: false
}