{
  ToIgnore: {
    Property: 'Ignore'
  },
  ToInclude: {
    Property: 'Include'
  }
}