{
  GivenNames: 'John',
  FamilyName: 'Smith',
  Dob: '\/Date(970322400000+1000)\/'
}